// Jest Snapshot v1, https://goo.gl/fbAQLP

exports[`PrivateRoute it should match snapshot 1`] = `
<div>
  Loading...
</div>
`;
